MPLINK 4.31, Linker
Linker Map File - Created Wed Oct 12 12:04:22 2022

                                 Section Info
                  Section       Type    Address   Location Size(Bytes)
                ---------  ---------  ---------  ---------  ---------
                   .org_0       code   0x000000    program   0x000100
                   .cinit    romdata   0x000080    program   0x000004
      .config_2007_MAIN.O       code   0x002007    program   0x000002



                              Program Memory Usage 
                               Start         End      
                           ---------   ---------      
                            0x000000    0x000081      
                            0x002007    0x002007      
            131 out of 2183 program addresses used, program memory utilization is 6%



                              Symbols - Sorted by Name
                     Name    Address   Location    Storage File                     
                ---------  ---------  ---------  --------- ---------                
         BUCLE_LEDS_500MS   0x000061    program     static C:\Users\el3be\Documents\Practicas en Assembler\LEDS\main.asm
                DELAY_1MS   0x000002    program     static C:\Users\el3be\Documents\Practicas en Assembler\LEDS\main.asm
                 DELAY_1S   0x00000e    program     static C:\Users\el3be\Documents\Practicas en Assembler\LEDS\main.asm
              DELAY_250MS   0x000008    program     static C:\Users\el3be\Documents\Practicas en Assembler\LEDS\main.asm
ENCENDER_LEDS_DE_A_UNO_500MS   0x000048    program     static C:\Users\el3be\Documents\Practicas en Assembler\LEDS\main.asm
  ENCENDER_TODOS_LOS_LEDS   0x000014    program     static C:\Users\el3be\Documents\Practicas en Assembler\LEDS\main.asm
ENCENDER_TODOS_LOS_LEDS_1S   0x000025    program     static C:\Users\el3be\Documents\Practicas en Assembler\LEDS\main.asm
ENCENDER_TODOS_LOS_LEDS_1S_500MS   0x000036    program     static C:\Users\el3be\Documents\Practicas en Assembler\LEDS\main.asm
                   INICIO   0x000000    program     static C:\Users\el3be\Documents\Practicas en Assembler\LEDS\main.asm
                    LOOP1   0x000004    program     static C:\Users\el3be\Documents\Practicas en Assembler\LEDS\main.asm
                    LOOP2   0x00000a    program     static C:\Users\el3be\Documents\Practicas en Assembler\LEDS\main.asm
                    LOOP3   0x000010    program     static C:\Users\el3be\Documents\Practicas en Assembler\LEDS\main.asm



                              Symbols - Sorted by Address
                     Name    Address   Location    Storage File                     
                ---------  ---------  ---------  --------- ---------                
                   INICIO   0x000000    program     static C:\Users\el3be\Documents\Practicas en Assembler\LEDS\main.asm
                DELAY_1MS   0x000002    program     static C:\Users\el3be\Documents\Practicas en Assembler\LEDS\main.asm
                    LOOP1   0x000004    program     static C:\Users\el3be\Documents\Practicas en Assembler\LEDS\main.asm
              DELAY_250MS   0x000008    program     static C:\Users\el3be\Documents\Practicas en Assembler\LEDS\main.asm
                    LOOP2   0x00000a    program     static C:\Users\el3be\Documents\Practicas en Assembler\LEDS\main.asm
                 DELAY_1S   0x00000e    program     static C:\Users\el3be\Documents\Practicas en Assembler\LEDS\main.asm
                    LOOP3   0x000010    program     static C:\Users\el3be\Documents\Practicas en Assembler\LEDS\main.asm
  ENCENDER_TODOS_LOS_LEDS   0x000014    program     static C:\Users\el3be\Documents\Practicas en Assembler\LEDS\main.asm
ENCENDER_TODOS_LOS_LEDS_1S   0x000025    program     static C:\Users\el3be\Documents\Practicas en Assembler\LEDS\main.asm
ENCENDER_TODOS_LOS_LEDS_1S_500MS   0x000036    program     static C:\Users\el3be\Documents\Practicas en Assembler\LEDS\main.asm
ENCENDER_LEDS_DE_A_UNO_500MS   0x000048    program     static C:\Users\el3be\Documents\Practicas en Assembler\LEDS\main.asm
         BUCLE_LEDS_500MS   0x000061    program     static C:\Users\el3be\Documents\Practicas en Assembler\LEDS\main.asm


