MPLINK 4.31, Linker
Linker Map File - Created Thu Nov 03 15:28:46 2022

                                 Section Info
                  Section       Type    Address   Location Size(Bytes)
                ---------  ---------  ---------  ---------  ---------
                   .org_0       code   0x000000    program   0x0000b4
                   .cinit    romdata   0x00005a    program   0x000004
      .config_2007_MAIN.O       code   0x002007    program   0x000002



                              Program Memory Usage 
                               Start         End      
                           ---------   ---------      
                            0x000000    0x00005b      
                            0x002007    0x002007      
            93 out of 2183 program addresses used, program memory utilization is 4%



                              Symbols - Sorted by Name
                     Name    Address   Location    Storage File                     
                ---------  ---------  ---------  --------- ---------                
         BUCLE_LEDS_500MS   0x000049    program     static C:\Users\el3be\Documents\Practicas en Assembler\LEDS\main.asm
       CONFIGURAR_PUERTOS   0x000022    program     static C:\Users\el3be\Documents\Practicas en Assembler\LEDS\main.asm
                DELAY_1MS   0x000004    program     static C:\Users\el3be\Documents\Practicas en Assembler\LEDS\main.asm
                 DELAY_1S   0x000016    program     static C:\Users\el3be\Documents\Practicas en Assembler\LEDS\main.asm
              DELAY_250MS   0x00000a    program     static C:\Users\el3be\Documents\Practicas en Assembler\LEDS\main.asm
              DELAY_500MS   0x000010    program     static C:\Users\el3be\Documents\Practicas en Assembler\LEDS\main.asm
                 DELAY_5S   0x00001c    program     static C:\Users\el3be\Documents\Practicas en Assembler\LEDS\main.asm
ENCENDER_LEDS_DE_A_UNO_500MS   0x00003e    program     static C:\Users\el3be\Documents\Practicas en Assembler\LEDS\main.asm
  ENCENDER_TODOS_LOS_LEDS   0x000028    program     static C:\Users\el3be\Documents\Practicas en Assembler\LEDS\main.asm
ENCENDER_TODOS_LOS_LEDS_1S   0x00002f    program     static C:\Users\el3be\Documents\Practicas en Assembler\LEDS\main.asm
ENCENDER_TODOS_LOS_LEDS_1S_500MS   0x000036    program     static C:\Users\el3be\Documents\Practicas en Assembler\LEDS\main.asm
                   INICIO   0x000002    program     static C:\Users\el3be\Documents\Practicas en Assembler\LEDS\main.asm
                RETARDO_1   0x000006    program     static C:\Users\el3be\Documents\Practicas en Assembler\LEDS\main.asm
                RETARDO_2   0x00000c    program     static C:\Users\el3be\Documents\Practicas en Assembler\LEDS\main.asm
                RETARDO_3   0x000018    program     static C:\Users\el3be\Documents\Practicas en Assembler\LEDS\main.asm
                RETARDO_4   0x00001e    program     static C:\Users\el3be\Documents\Practicas en Assembler\LEDS\main.asm
            RETARDO_500MS   0x000012    program     static C:\Users\el3be\Documents\Practicas en Assembler\LEDS\main.asm



                              Symbols - Sorted by Address
                     Name    Address   Location    Storage File                     
                ---------  ---------  ---------  --------- ---------                
                   INICIO   0x000002    program     static C:\Users\el3be\Documents\Practicas en Assembler\LEDS\main.asm
                DELAY_1MS   0x000004    program     static C:\Users\el3be\Documents\Practicas en Assembler\LEDS\main.asm
                RETARDO_1   0x000006    program     static C:\Users\el3be\Documents\Practicas en Assembler\LEDS\main.asm
              DELAY_250MS   0x00000a    program     static C:\Users\el3be\Documents\Practicas en Assembler\LEDS\main.asm
                RETARDO_2   0x00000c    program     static C:\Users\el3be\Documents\Practicas en Assembler\LEDS\main.asm
              DELAY_500MS   0x000010    program     static C:\Users\el3be\Documents\Practicas en Assembler\LEDS\main.asm
            RETARDO_500MS   0x000012    program     static C:\Users\el3be\Documents\Practicas en Assembler\LEDS\main.asm
                 DELAY_1S   0x000016    program     static C:\Users\el3be\Documents\Practicas en Assembler\LEDS\main.asm
                RETARDO_3   0x000018    program     static C:\Users\el3be\Documents\Practicas en Assembler\LEDS\main.asm
                 DELAY_5S   0x00001c    program     static C:\Users\el3be\Documents\Practicas en Assembler\LEDS\main.asm
                RETARDO_4   0x00001e    program     static C:\Users\el3be\Documents\Practicas en Assembler\LEDS\main.asm
       CONFIGURAR_PUERTOS   0x000022    program     static C:\Users\el3be\Documents\Practicas en Assembler\LEDS\main.asm
  ENCENDER_TODOS_LOS_LEDS   0x000028    program     static C:\Users\el3be\Documents\Practicas en Assembler\LEDS\main.asm
ENCENDER_TODOS_LOS_LEDS_1S   0x00002f    program     static C:\Users\el3be\Documents\Practicas en Assembler\LEDS\main.asm
ENCENDER_TODOS_LOS_LEDS_1S_500MS   0x000036    program     static C:\Users\el3be\Documents\Practicas en Assembler\LEDS\main.asm
ENCENDER_LEDS_DE_A_UNO_500MS   0x00003e    program     static C:\Users\el3be\Documents\Practicas en Assembler\LEDS\main.asm
         BUCLE_LEDS_500MS   0x000049    program     static C:\Users\el3be\Documents\Practicas en Assembler\LEDS\main.asm


